==================== 2026-09-30T15:48:04.627802Z | 01a0f300-6577-7632-8ad5-ccb0da818dff ====================
15:48:04.633908 [info ]: Installing dbt project and profile setup
15:48:04.668966 [info ]: Info Created .vscode/extensions.json with dbt extension recommendation
15:48:04.671961 [info ]: Success Project created successfully!
15:48:04.672391 [info ]: Info Project name: jaffle_shop
15:48:04.672523 [info ]: Info Project directory: jaffle_shop
15:48:08.332993 [info ]: Info Using existing profile 'jaffle_shop'
15:48:08.340251 [info ]: Success Set profile 'jaffle_shop' in dbt_project.yml
15:48:08.341428 [info ]: Validating profile inputs, adapters, and connection

15:48:08.342109 [info ]: dbt 2.0.6
15:48:08.346567 [info ]: Started loading project
15:48:08.382099 [info ]: Loading ~/.dbt/profiles.yml
15:48:08.406127 [info ]: Finished loading project [  0.06s]
15:48:08.410064 [info ]: Started debugging
15:48:08.410899 [info ]: Debugging profile: dev
15:48:08.411050 [info ]: Debugging dbt version: 2.0.6
15:48:08.411181 [info ]: Debugging platform: windows x86_64 (windows)
15:48:08.412061 [info ]: Debugging adapter type: snowflake (remote)
15:48:08.462851 [info ]: Debugging dependencies:
  git: OK
15:48:08.468205 [info ]: Debugging connection:
  "account": "JDFQACB-ZH03865",
  "user": "NPINNOCK",
  "database": "analytics",
  "warehouse": "SNOWFLAKE_LEARNING_WH",
  "schema": "analytics_prod",
  "role": "accountadmin"
15:48:08.479848 [debug]: Snowflake driver resolved: snowflake 0.21.0.dev+dbt0.21.18
15:48:09.450244 [debug]: borrow_tlocal_connection() took 975.4333ms
15:48:09.466421 [debug]: create_debug_span(...).entered() took 1.5288ms
15:48:10.045163 [debug]: stmt.execute() (submit+wait_for_completion, returns reader) took 576.3169ms
15:48:10.045410 [debug]: reader.schema() took 218.7µs
15:48:10.050649 [debug]: do_execute(conn) (closure: stmt.execute + schema + batch loop) took 584.187ms
15:48:10.053458 [debug]: concat_batches + normalize_result_column_names took 2.7873ms
15:48:10.054300 [debug]: record_current_span_status_from_attrs took 827.7µs
15:48:10.054505 [debug]: Query executed on node unknown:
select 1 as id
15:48:10.054532 [debug]: drop(query_span_guard) (span exit/export) took 220.9µs
15:48:10.058268 [debug]: adapter.execute() (full call, incl. adbc_execute_with_options) took 607.9732ms
15:48:10.058814 [info ]: Debugging connection test: OK (1.6s)
15:48:10.060310 [info ]: Debugged All checks passed!
15:48:10.060768 [info ]: Finished debugging [  1.65s]
15:48:10.093039 [info ]: 
==================== Execution Summary =====================
Finished 'init' successfully for target 'dev' [5.5s]
==================== 2026-09-30T16:02:38.863414Z | 01a0f30d-bc8c-7fe3-8b8b-4b4041e5400a ====================
16:02:38.865991 [info ]: Installing dbt project and profile setup
16:02:38.872701 [info ]: Warning Directory 'jaffle_shop' already exists, using 'jaffle_shop_1' instead
16:02:38.906835 [info ]: Info Created .vscode/extensions.json with dbt extension recommendation
16:02:38.907924 [info ]: Success Project created successfully!
16:02:38.908206 [info ]: Info Project name: jaffle_shop_1
16:02:38.908325 [info ]: Info Project directory: jaffle_shop_1
16:02:45.737191 [info ]: Info Using existing profile 'jaffle_shop'
16:02:45.747169 [info ]: Success Set profile 'jaffle_shop' in dbt_project.yml
16:02:45.747972 [info ]: Validating profile inputs, adapters, and connection

16:02:45.748618 [info ]: dbt 2.0.6
16:02:45.754933 [info ]: Started loading project
16:02:45.811887 [info ]: Loading ~/.dbt/profiles.yml
16:02:45.837618 [info ]: Finished loading project [  0.08s]
16:02:45.843395 [info ]: Started debugging
16:02:45.844533 [info ]: Debugging profile: dev
16:02:45.844731 [info ]: Debugging dbt version: 2.0.6
16:02:45.844993 [info ]: Debugging platform: windows x86_64 (windows)
16:02:45.846386 [info ]: Debugging adapter type: snowflake (remote)
16:02:45.904645 [info ]: Debugging dependencies:
  git: OK
16:02:45.909906 [info ]: Debugging connection:
  "account": "JDFQACB-ZH03865",
  "user": "NPINNOCK",
  "database": "analytics",
  "warehouse": "SNOWFLAKE_LEARNING_WH",
  "schema": "analytics_prod",
  "role": "accountadmin"
16:02:45.928054 [debug]: Snowflake driver resolved: snowflake 0.21.0.dev+dbt0.21.18
16:02:46.864646 [debug]: borrow_tlocal_connection() took 942.3973ms
16:02:46.874519 [debug]: create_debug_span(...).entered() took 1.4851ms
16:02:46.967843 [debug]: stmt.execute() (submit+wait_for_completion, returns reader) took 91.128ms
16:02:46.968072 [debug]: reader.schema() took 203.7µs
16:02:46.973959 [debug]: do_execute(conn) (closure: stmt.execute + schema + batch loop) took 99.4068ms
16:02:46.977372 [debug]: concat_batches + normalize_result_column_names took 3.3741ms
16:02:46.978288 [debug]: record_current_span_status_from_attrs took 880µs
16:02:46.978499 [debug]: Query executed on node unknown:
select 1 as id
16:02:46.978724 [debug]: drop(query_span_guard) (span exit/export) took 415.4µs
16:02:46.984061 [debug]: adapter.execute() (full call, incl. adbc_execute_with_options) took 119.3839ms
16:02:46.985226 [info ]: Debugging connection test: OK (1.1s)
16:02:46.988732 [info ]: Debugged All checks passed!
16:02:46.990116 [info ]: Finished debugging [  1.15s]
16:02:47.025410 [info ]: 
==================== Execution Summary =====================
Finished 'init' successfully for target 'dev' [8.2s]
==================== 2026-10-01T16:37:49.025944Z | 01a0f854-4b5e-76d1-a476-0e8444484537 ====================
16:37:49.028686 [info ]: Installing dbt project and profile setup
16:37:49.038159 [info ]: Warning Directory 'jaffle_shop' already exists, using 'jaffle_shop_1' instead
16:37:49.089864 [info ]: Info Created .vscode/extensions.json with dbt extension recommendation
16:37:49.091402 [info ]: Success Project created successfully!
16:37:49.091873 [info ]: Info Project name: jaffle_shop_1
16:37:49.092354 [info ]: Info Project directory: jaffle_shop_1
16:37:51.997572 [info ]: Info Using existing profile 'jaffle_shop'
16:37:52.014537 [info ]: Success Set profile 'jaffle_shop' in dbt_project.yml
16:37:52.015308 [info ]: Validating profile inputs, adapters, and connection

16:37:52.016152 [info ]: dbt 2.0.6
16:37:52.022435 [info ]: Started loading project
16:37:52.071810 [info ]: Loading ~/.dbt/profiles.yml
16:37:52.107242 [info ]: Finished loading project [  0.08s]
16:37:52.111538 [info ]: Started debugging
16:37:52.112791 [info ]: Debugging profile: dev
16:37:52.113139 [info ]: Debugging dbt version: 2.0.6
16:37:52.113382 [info ]: Debugging platform: windows x86_64 (windows)
16:37:52.114583 [info ]: Debugging adapter type: snowflake (remote)
16:37:52.183043 [info ]: Debugging dependencies:
  git: OK
16:37:52.188538 [info ]: Debugging connection:
  "account": "JDFQACB-ZH03865",
  "user": "NPINNOCK",
  "database": "analytics",
  "warehouse": "SNOWFLAKE_LEARNING_WH",
  "schema": "analytics_prod",
  "role": "accountadmin"
16:37:52.203224 [debug]: Snowflake driver resolved: snowflake 0.21.0.dev+dbt0.21.18
16:37:53.039235 [debug]: borrow_tlocal_connection() took 841.9721ms
16:37:53.049518 [debug]: create_debug_span(...).entered() took 1.2044ms
16:37:53.149073 [debug]: stmt.execute() (submit+wait_for_completion, returns reader) took 98.2947ms
16:37:53.149432 [debug]: reader.schema() took 263µs
16:37:53.155035 [debug]: do_execute(conn) (closure: stmt.execute + schema + batch loop) took 105.4851ms
16:37:53.158506 [debug]: concat_batches + normalize_result_column_names took 3.4088ms
16:37:53.159323 [debug]: record_current_span_status_from_attrs took 774.4µs
16:37:53.159571 [debug]: Query executed on node unknown:
select 1 as id
16:37:53.159624 [debug]: drop(query_span_guard) (span exit/export) took 274.7µs
16:37:53.163558 [debug]: adapter.execute() (full call, incl. adbc_execute_with_options) took 124.2212ms
16:37:53.164108 [info ]: Debugging connection test: OK
16:37:53.167040 [info ]: Debugged All checks passed!
16:37:53.168119 [info ]: Finished debugging [  1.06s]
16:37:53.198602 [info ]: 
==================== Execution Summary =====================
Finished 'init' successfully for target 'dev' [4.2s]
==================== 2026-10-06T18:28:22.781476Z | 01a11279-5062-70a3-b749-f919e6f71d25 ====================
18:28:22.787066 [info ]: Installing dbt project and profile setup
18:28:22.794217 [info ]: Warning Directory 'jaffle_shop' already exists, using 'jaffle_shop_1' instead
18:28:22.833198 [info ]: Info Created .vscode/extensions.json with dbt extension recommendation
18:28:22.834390 [info ]: Success Project created successfully!
18:28:22.834679 [info ]: Info Project name: jaffle_shop_1
18:28:22.834793 [info ]: Info Project directory: jaffle_shop_1
18:28:27.495823 [info ]: Info Skipping profile setup.
18:28:27.496525 [info ]: Validating profile inputs, adapters, and connection

18:28:27.497214 [info ]: dbt 2.0.6
18:28:27.501428 [error]: [OperationCanceled (dbt8995)]: Operation cancelled
18:28:27.536598 [info ]: 
==================== Execution Summary =====================
Finished 'init' with 1 error [4.8s]
